=== Symbol Table ===
Scope: global (level 0)
  global_var: int variable = init [line 1]
  main: fn() -> void function [line 3]
Scope: function:main (level 1)
Scope: block (level 2)
Scope: block (level 3)

=== Decorated AST ===
Program:
  VarDecl: int global_var = Literal: 100 (int) [type: int]
  FunctionDecl: main() -> void:
    Body:
      Block:
        VarDecl: int global_var = Literal: 50 (int) [type: int]
        Block:
          VarDecl: int global_var = Literal: 25 (int) [type: int]
          ExprStmt [type: int]:
            Assignment: = [type: int]:
              Target:
                Identifier: global_var
              Value:
                Binary(+) [type: int]:
                  Left:
                    Identifier: global_var -> global_var [type: int]
                  Right:
                    Literal: 1 (int) [type: int]
        ExprStmt [type: int]:
          Assignment: = [type: int]:
            Target:
              Identifier: global_var
            Value:
              Binary(*) [type: int]:
                Left:
                  Identifier: global_var -> global_var [type: int]
                Right:
                  Literal: 2 (int) [type: int]

