1:1 IDENTIFIER "result"
1:8 OP_ASSIGN "="
1:10 LPAREN "("
1:11 IDENTIFIER "a"
1:13 OP_PLUS "+"
1:15 IDENTIFIER "b"
1:16 RPAREN ")"
1:18 OP_MUL "*"
1:20 IDENTIFIER "c"
1:22 OP_MINUS "-"
1:24 IDENTIFIER "d"
1:26 OP_DIV "/"
1:28 IDENTIFIER "e"
1:30 OP_MOD "%"
1:32 IDENTIFIER "f"
1:33 SEMICOLON ";"
2:1 END_OF_FILE ""