1:1 IDENTIFIER "msg1"
1:6 OP_ASSIGN "="
1:8 STRING_LITERAL "\"hello world\"" "hello world"
1:21 SEMICOLON ";"
2:1 IDENTIFIER "msg2"
2:6 OP_ASSIGN "="
2:8 STRING_LITERAL "\"line1\nline2\"" "line1\nline2"
2:22 SEMICOLON ";"
3:1 IDENTIFIER "msg3"
3:6 OP_ASSIGN "="
3:8 STRING_LITERAL "\"tab\there\"" "tab\there"
3:19 SEMICOLON ";"
4:1 IDENTIFIER "msg4"
4:6 OP_ASSIGN "="
4:8 STRING_LITERAL "\"quote\"test\"" "quote\"test"
4:21 SEMICOLON ";"
5:1 END_OF_FILE ""