1:1 IDENTIFIER "a"
1:3 OP_ASSIGN "="
1:5 INT_LITERAL "1" 1
1:6 SEMICOLON ";"
2:1 IDENTIFIER "b"
2:3 OP_ASSIGN "="
2:5 FLOAT_LITERAL "1.0" 1.0
2:8 SEMICOLON ";"
3:1 IDENTIFIER "c"
3:3 OP_ASSIGN "="
3:5 FLOAT_LITERAL "1." 1.0
3:7 SEMICOLON ";"
4:1 IDENTIFIER "d"
4:3 OP_ASSIGN "="
4:5 DOT "."
4:6 INT_LITERAL "5" 5
4:7 SEMICOLON ";"
5:1 IDENTIFIER "e"
5:3 OP_ASSIGN "="
5:5 FLOAT_LITERAL "0.0" 0.0
5:8 SEMICOLON ";"
6:1 END_OF_FILE ""