1:1 LPAREN "("
1:2 LBRACKET "["
1:3 RBRACKET "]"
1:4 RPAREN ")"
1:5 LBRACE "{"
1:6 RBRACE "}"
2:1 LBRACE "{"
2:2 LBRACKET "["
2:3 RBRACKET "]"
2:4 RBRACE "}"
2:5 LPAREN "("
2:6 RPAREN ")"
3:1 LPAREN "("
3:2 RPAREN ")"
3:3 LBRACE "{"
3:4 LBRACKET "["
3:5 RBRACKET "]"
3:6 RBRACE "}"
4:1 END_OF_FILE ""