1:1 IDENTIFIER "x"
1:3 OP_ASSIGN "="
1:5 INT_LITERAL "42" 42
1:8 ERROR "@" Недопустимый символ '@'
1:10 INT_LITERAL "10" 10
1:12 SEMICOLON ";"
2:1 IDENTIFIER "y"
2:3 OP_ASSIGN "="
2:5 ERROR "12.34.56" Некорректное число: '12.34.56'
2:13 SEMICOLON ";"
3:1 IDENTIFIER "z"
3:3 OP_ASSIGN "="
3:5 INT_LITERAL "123" 123
3:8 IDENTIFIER "abc"
3:11 SEMICOLON ";"
4:1 IDENTIFIER "message"
4:9 OP_ASSIGN "="
4:11 ERROR "\"Hello, world" Незавершённая строка
5:1 IDENTIFIER "big"
5:5 OP_ASSIGN "="
5:7 ERROR "3000000000" Целочисленный литерал 3000000000 вне допустимого диапазона [-2³¹, 2³¹-1]
5:17 SEMICOLON ";"
6:1 IDENTIFIER "a"
6:3 ERROR "&" Недопустимый символ '&'
6:5 IDENTIFIER "b"
6:6 SEMICOLON ";"
7:1 IDENTIFIER "c"
7:3 ERROR "|" Недопустимый символ '|'
7:5 IDENTIFIER "d"
7:6 SEMICOLON ";"
8:1 IDENTIFIER "num"
8:5 OP_ASSIGN "="
8:7 INT_LITERAL "1" 1
8:8 DOT "."
8:9 INT_LITERAL "2" 2
8:10 SEMICOLON ";"
9:1 IDENTIFIER "myFloat"
9:9 OP_ASSIGN "="
9:11 FLOAT_LITERAL "123." 123.0
9:15 SEMICOLON ";"
10:1 IDENTIFIER "veryLongIdentifierThatExceedsTheMaximumAllowedLengthOfTwoHundredAndFiftyFiveCharactersAndShouldBeReportedAsAnError"
10:116 OP_ASSIGN "="
10:118 INT_LITERAL "42" 42
10:120 SEMICOLON ";"
11:1 IDENTIFIER "function"
11:9 LPAREN "("
11:10 ERROR "" Незавершённый многострочный комментарий
12:1 END_OF_FILE ""