=== Symbol Table ===
Scope: global (level 0)
  main: fn() -> void function [line 1]
Scope: function:main (level 1)
Scope: block (level 2)

=== Decorated AST ===
Program [line 1, col 1]:
  FunctionDecl: main() -> void [line 1, col 4]:
    Body:
      Block [line 3, col 1]:
        ExprStmt [line 2, col 10]:
          Assignment: = [line 2, col 9]:
            Target:
              Identifier: x [line 2, col 5]
            Value:
              Literal: 5 (int) [line 2, col 9]

=== Semantic Errors ===
Found 1 semantic error(s):

semantic error: undeclared identifier
  --> /Users/kseniakrukova/PycharmProjects/minicompiler/tests/semantic/invalid/test_simple_undeclared.src:2:5

