=== Symbol Table ===
Scope: global (level 0)
  main: fn() -> void function [line 1]
Scope: function:main (level 1)
Scope: block (level 2)

=== Decorated AST ===
Program:
  FunctionDecl: main() -> void:
    Body:
      Block:
        VarDecl: int y = Binary(+) [type: None]:

=== Semantic Errors ===
Found 1 semantic error(s):

semantic error: undeclared identifier
  --> /Users/kseniakrukova/PycharmProjects/minicompiler/tests/semantic/invalid/test_undeclared_in_expr.src:2:13
   = note: Проверьте имя переменной или добавьте объявление

