=== Symbol Table ===
Scope: global (level 0)
  main: fn() -> void function [line 1]
Scope: function:main (level 1)
Scope: block (level 2)

=== Decorated AST ===
Program:
  FunctionDecl: main() -> void:
    Body:
      Block:
        VarDecl: int x = Literal: 5 (int) [type: int]
        VarDecl: int x = Literal: 10 (int) [type: int]

