1:1 IDENTIFIER "result"
1:8 OP_ASSIGN "="
1:10 LPAREN "("
1:11 IDENTIFIER "a"
1:13 OP_PLUS "+"
1:15 IDENTIFIER "b"
1:16 RPAREN ")"
1:18 OP_MUL "*"
1:20 LPAREN "("
1:21 IDENTIFIER "c"
1:23 OP_MINUS "-"
1:25 IDENTIFIER "d"
1:26 RPAREN ")"
1:27 SEMICOLON ";"
2:1 IDENTIFIER "check"
2:7 OP_ASSIGN "="
2:9 IDENTIFIER "x"
2:11 OP_GE ">="
2:14 INT_LITERAL "10" 10
2:17 OP_AND "&&"
2:20 IDENTIFIER "y"
2:22 OP_LE "<="
2:25 INT_LITERAL "20" 20
2:27 SEMICOLON ";"
3:1 IDENTIFIER "index"
3:7 OP_ASSIGN "="
3:9 IDENTIFIER "array"
3:14 LBRACKET "["
3:15 IDENTIFIER "i"
3:17 OP_PLUS "+"
3:19 INT_LITERAL "1" 1
3:20 RBRACKET "]"
3:21 SEMICOLON ";"
4:1 END_OF_FILE ""