1:1 IDENTIFIER "a"
1:3 OP_EQ "=="
1:6 IDENTIFIER "b"
2:1 IDENTIFIER "a"
2:3 OP_NE "!="
2:6 IDENTIFIER "b"
3:1 IDENTIFIER "a"
3:3 OP_LT "<"
3:5 IDENTIFIER "b"
4:1 IDENTIFIER "a"
4:3 OP_LE "<="
4:6 IDENTIFIER "b"
5:1 IDENTIFIER "a"
5:3 OP_GT ">"
5:5 IDENTIFIER "b"
6:1 IDENTIFIER "a"
6:3 OP_GE ">="
6:6 IDENTIFIER "b"
7:1 END_OF_FILE ""