function main: void ()
  entry:
    t1 = ALLOCA 4:int
    t2 = ALLOCA 4:int
    t3 = ALLOCA 4:int
    t4 = ALLOCA 4:int
    t5 = ALLOCA 4:int
    t6 = ALLOCA 4:int
    t7 = ALLOCA 4:int
    t8 = ALLOCA 4:int
    t9 = ALLOCA 4:int
    t10 = ALLOCA 4:int
    t11 = ALLOCA 4:int
    t12 = ALLOCA 4:int
    t13 = ALLOCA 4:int
    t14 = ALLOCA 4:int
    t15 = ALLOCA 4:int
    STORE [t1], 1 # a1 = ...
    STORE [t2], 2 # a2 = ...
    STORE [t3], 3 # a3 = ...
    STORE [t4], 4 # a4 = ...
    STORE [t5], 5 # a5 = ...
    STORE [t6], 6 # b1 = ...
    STORE [t7], 7 # b2 = ...
    STORE [t8], 8 # b3 = ...
    STORE [t9], 9 # b4 = ...
    STORE [t10], 10 # b5 = ...
    STORE [t11], 11 # c1 = ...
    STORE [t12], 12 # c2 = ...
    STORE [t13], 13 # c3 = ...
    STORE [t14], 14 # c4 = ...
    STORE [t15], 15 # c5 = ...
    RETURN
